2026-07-28T20:44:25.030554  /SC0/4/2,1,2,+54,+41,+34,+34,2,120,2,100,1,b01
2026-07-28T20:44:29.181804  /SC0/4/2,1,2,+54,+41,+34,+34,2,120,2,100,1,b01
2026-07-28T20:44:33.368328  /SC0/4/2,1,2,+54,+41,+34,+34,2,120,2,100,1,b01
2026-07-28T20:44:37.519514  /SC0/4/2,1,2,+54,+41,+34,+34,2,120,2,100,1,b01
2026-07-28T20:44:41.670260  /SC0/4/2,1,2,+54,+41,+34,+34,2,120,2,100,1,b01
2026-07-28T20:44:43.326027  /SC0/4/2,1,2,+55,+41,+34,+34,2,120,2,100,1,b01
2026-07-28T20:44:45.891023  /SC0/4/2,1,2,+55,+41,+34,+34,2,120,2,100,1,b01
2026-07-28T20:44:50.041956  /SC0/4/2,1,2,+55,+41,+34,+34,2,120,2,100,1,b01
2026-07-28T20:44:54.191844  /SC0/4/2,1,2,+55,+41,+34,+34,2,120,2,100,1,b01
2026-07-28T20:44:58.377511  /SC0/4/2,1,2,+55,+41,+34,+34,2,120,2,100,1,b01
2026-07-28T20:45:02.528552  /SC0/4/2,1,2,+55,+41,+34,+34,2,120,2,100,1,b01
2026-07-28T20:45:06.711950  /SC0/4/2,1,2,+55,+41,+34,+34,2,120,2,100,1,b01
2026-07-28T20:45:10.831821  /SC0/4/2,1,2,+55,+41,+34,+34,2,120,2,100,1,b01
2026-07-28T20:45:15.050661  /SC0/4/2,1,2,+55,+41,+34,+34,2,120,2,100,1,b01
2026-07-28T20:45:19.201018  /SC0/4/2,1,2,+55,+41,+34,+34,2,120,2,100,1,b01
2026-07-28T20:45:23.319768  /SC0/4/2,1,2,+55,+41,+34,+34,2,120,2,100,1,b01
2026-07-28T20:45:27.538106  /SC0/4/2,1,2,+55,+41,+34,+34,2,120,2,100,1,b01
2026-07-28T20:45:29.834524  /SC0/4/2,1,2,+55,+41,+34,+34,2,120,1,100,1,b01
2026-07-28T20:45:31.351634  /SC0/4/2,1,2,+55,+41,+34,+34,2,120,2,100,1,b01
2026-07-28T20:45:31.621644  /SC0/4/2,1,2,+55,+41,+34,+34,2,120,2,100,1,b01
2026-07-28T20:45:35.806572  /SC0/4/2,1,2,+55,+41,+34,+34,2,120,2,100,1,b01
2026-07-28T20:45:36.481748  /SC0/4/2,1,2,+55,+41,+34,+34,2,120,1,100,1,b01
2026-07-28T20:45:39.957992  /SC0/4/2,1,2,+55,+41,+34,+34,2,120,1,100,1,b01
2026-07-28T20:45:42.253719  /SC0/4/2,1,2,+55,+41,+34,+34,2,121,1,100,1,b01
2026-07-28T20:45:44.279381  /SC0/4/2,1,2,+55,+41,+34,+34,2,121,1,100,1,b01
2026-07-28T20:45:44.314345  /SC0/4/2,1,2,+55,+41,+34,+34,2,122,1,100,1,b01
2026-07-28T20:45:46.436825  /SC0/4/2,1,2,+55,+41,+34,+34,2,123,1,100,1,b01
2026-07-28T20:45:48.328729  /SC0/4/2,1,2,+55,+41,+34,+34,2,123,1,100,1,b01
2026-07-28T20:45:52.545686  /SC0/4/2,1,2,+55,+41,+34,+34,2,123,1,100,1,b01
2026-07-28T20:45:56.697643  /SC0/4/2,1,2,+55,+41,+34,+34,2,123,1,100,1,b01
2026-07-28T20:46:00.782138  /SC0/4/2,1,2,+55,+41,+34,+34,2,123,1,100,1,b01
2026-07-28T20:46:04.968130  /SC0/4/2,1,2,+55,+41,+34,+34,2,123,1,100,1,b01
2026-07-28T20:46:09.118732  /SC0/4/2,1,2,+55,+41,+34,+34,2,123,1,100,1,b01
2026-07-28T20:46:13.337715  /SC0/4/2,1,2,+55,+41,+34,+34,2,123,1,100,1,b01
2026-07-28T20:46:17.423170  /SC0/4/2,1,2,+55,+41,+34,+34,2,123,1,100,1,b01
2026-07-28T20:46:21.607803  /SC0/4/2,1,2,+55,+41,+34,+34,2,123,1,100,1,b01
2026-07-28T20:46:25.758012  /SC0/4/2,1,2,+55,+41,+34,+34,2,123,1,100,1,b01
